<?xml version="1.0" encoding="utf-8"?><testsuites><testsuite name="pytest" errors="7" failures="0" skipped="0" tests="7" time="4.816" timestamp="2026-03-31T13:05:58.838634" hostname="rinkus-MacBook-Air.local"><testcase classname="tests.test_feedback_form" name="test_tc1_page_opens_successfully" time="3.001"><error message="failed on setup with &quot;OSError: [Errno 8] Exec format error: '/Users/rinkuchoudhary/.wdm/drivers/chromedriver/mac64/146.0.7680.165/chromedriver-mac-arm64/THIRD_PARTY_NOTICES.chromedriver'&quot;">tests/test_feedback_form.py:55: in driver
    drv = webdriver.Chrome(service=service, options=options)
venv/lib/python3.12/site-packages/selenium/webdriver/chrome/webdriver.py:45: in __init__
    super().__init__(
venv/lib/python3.12/site-packages/selenium/webdriver/chromium/webdriver.py:50: in __init__
    self.service.start()
venv/lib/python3.12/site-packages/selenium/webdriver/common/service.py:98: in start
    self._start_process(self._path)
venv/lib/python3.12/site-packages/selenium/webdriver/common/service.py:208: in _start_process
    self.process = subprocess.Popen(
/Library/Frameworks/Python.framework/Versions/3.12/lib/python3.12/subprocess.py:1026: in __init__
    self._execute_child(args, executable, preexec_fn, close_fds,
/Library/Frameworks/Python.framework/Versions/3.12/lib/python3.12/subprocess.py:1950: in _execute_child
    raise child_exception_type(errno_num, err_msg, err_filename)
E   OSError: [Errno 8] Exec format error: '/Users/rinkuchoudhary/.wdm/drivers/chromedriver/mac64/146.0.7680.165/chromedriver-mac-arm64/THIRD_PARTY_NOTICES.chromedriver'</error></testcase><testcase classname="tests.test_feedback_form" name="test_tc2_valid_form_submission" time="0.000"><error message="failed on setup with &quot;OSError: [Errno 8] Exec format error: '/Users/rinkuchoudhary/.wdm/drivers/chromedriver/mac64/146.0.7680.165/chromedriver-mac-arm64/THIRD_PARTY_NOTICES.chromedriver'&quot;">tests/test_feedback_form.py:55: in driver
    drv = webdriver.Chrome(service=service, options=options)
venv/lib/python3.12/site-packages/selenium/webdriver/chrome/webdriver.py:45: in __init__
    super().__init__(
venv/lib/python3.12/site-packages/selenium/webdriver/chromium/webdriver.py:50: in __init__
    self.service.start()
venv/lib/python3.12/site-packages/selenium/webdriver/common/service.py:98: in start
    self._start_process(self._path)
venv/lib/python3.12/site-packages/selenium/webdriver/common/service.py:208: in _start_process
    self.process = subprocess.Popen(
/Library/Frameworks/Python.framework/Versions/3.12/lib/python3.12/subprocess.py:1026: in __init__
    self._execute_child(args, executable, preexec_fn, close_fds,
/Library/Frameworks/Python.framework/Versions/3.12/lib/python3.12/subprocess.py:1950: in _execute_child
    raise child_exception_type(errno_num, err_msg, err_filename)
E   OSError: [Errno 8] Exec format error: '/Users/rinkuchoudhary/.wdm/drivers/chromedriver/mac64/146.0.7680.165/chromedriver-mac-arm64/THIRD_PARTY_NOTICES.chromedriver'</error></testcase><testcase classname="tests.test_feedback_form" name="test_tc3_blank_fields_show_errors" time="0.000"><error message="failed on setup with &quot;OSError: [Errno 8] Exec format error: '/Users/rinkuchoudhary/.wdm/drivers/chromedriver/mac64/146.0.7680.165/chromedriver-mac-arm64/THIRD_PARTY_NOTICES.chromedriver'&quot;">tests/test_feedback_form.py:55: in driver
    drv = webdriver.Chrome(service=service, options=options)
venv/lib/python3.12/site-packages/selenium/webdriver/chrome/webdriver.py:45: in __init__
    super().__init__(
venv/lib/python3.12/site-packages/selenium/webdriver/chromium/webdriver.py:50: in __init__
    self.service.start()
venv/lib/python3.12/site-packages/selenium/webdriver/common/service.py:98: in start
    self._start_process(self._path)
venv/lib/python3.12/site-packages/selenium/webdriver/common/service.py:208: in _start_process
    self.process = subprocess.Popen(
/Library/Frameworks/Python.framework/Versions/3.12/lib/python3.12/subprocess.py:1026: in __init__
    self._execute_child(args, executable, preexec_fn, close_fds,
/Library/Frameworks/Python.framework/Versions/3.12/lib/python3.12/subprocess.py:1950: in _execute_child
    raise child_exception_type(errno_num, err_msg, err_filename)
E   OSError: [Errno 8] Exec format error: '/Users/rinkuchoudhary/.wdm/drivers/chromedriver/mac64/146.0.7680.165/chromedriver-mac-arm64/THIRD_PARTY_NOTICES.chromedriver'</error></testcase><testcase classname="tests.test_feedback_form" name="test_tc4_invalid_email_shows_error" time="0.000"><error message="failed on setup with &quot;OSError: [Errno 8] Exec format error: '/Users/rinkuchoudhary/.wdm/drivers/chromedriver/mac64/146.0.7680.165/chromedriver-mac-arm64/THIRD_PARTY_NOTICES.chromedriver'&quot;">tests/test_feedback_form.py:55: in driver
    drv = webdriver.Chrome(service=service, options=options)
venv/lib/python3.12/site-packages/selenium/webdriver/chrome/webdriver.py:45: in __init__
    super().__init__(
venv/lib/python3.12/site-packages/selenium/webdriver/chromium/webdriver.py:50: in __init__
    self.service.start()
venv/lib/python3.12/site-packages/selenium/webdriver/common/service.py:98: in start
    self._start_process(self._path)
venv/lib/python3.12/site-packages/selenium/webdriver/common/service.py:208: in _start_process
    self.process = subprocess.Popen(
/Library/Frameworks/Python.framework/Versions/3.12/lib/python3.12/subprocess.py:1026: in __init__
    self._execute_child(args, executable, preexec_fn, close_fds,
/Library/Frameworks/Python.framework/Versions/3.12/lib/python3.12/subprocess.py:1950: in _execute_child
    raise child_exception_type(errno_num, err_msg, err_filename)
E   OSError: [Errno 8] Exec format error: '/Users/rinkuchoudhary/.wdm/drivers/chromedriver/mac64/146.0.7680.165/chromedriver-mac-arm64/THIRD_PARTY_NOTICES.chromedriver'</error></testcase><testcase classname="tests.test_feedback_form" name="test_tc5_invalid_mobile_shows_error" time="0.000"><error message="failed on setup with &quot;OSError: [Errno 8] Exec format error: '/Users/rinkuchoudhary/.wdm/drivers/chromedriver/mac64/146.0.7680.165/chromedriver-mac-arm64/THIRD_PARTY_NOTICES.chromedriver'&quot;">tests/test_feedback_form.py:55: in driver
    drv = webdriver.Chrome(service=service, options=options)
venv/lib/python3.12/site-packages/selenium/webdriver/chrome/webdriver.py:45: in __init__
    super().__init__(
venv/lib/python3.12/site-packages/selenium/webdriver/chromium/webdriver.py:50: in __init__
    self.service.start()
venv/lib/python3.12/site-packages/selenium/webdriver/common/service.py:98: in start
    self._start_process(self._path)
venv/lib/python3.12/site-packages/selenium/webdriver/common/service.py:208: in _start_process
    self.process = subprocess.Popen(
/Library/Frameworks/Python.framework/Versions/3.12/lib/python3.12/subprocess.py:1026: in __init__
    self._execute_child(args, executable, preexec_fn, close_fds,
/Library/Frameworks/Python.framework/Versions/3.12/lib/python3.12/subprocess.py:1950: in _execute_child
    raise child_exception_type(errno_num, err_msg, err_filename)
E   OSError: [Errno 8] Exec format error: '/Users/rinkuchoudhary/.wdm/drivers/chromedriver/mac64/146.0.7680.165/chromedriver-mac-arm64/THIRD_PARTY_NOTICES.chromedriver'</error></testcase><testcase classname="tests.test_feedback_form" name="test_tc6_dropdown_selection_works" time="0.000"><error message="failed on setup with &quot;OSError: [Errno 8] Exec format error: '/Users/rinkuchoudhary/.wdm/drivers/chromedriver/mac64/146.0.7680.165/chromedriver-mac-arm64/THIRD_PARTY_NOTICES.chromedriver'&quot;">tests/test_feedback_form.py:55: in driver
    drv = webdriver.Chrome(service=service, options=options)
venv/lib/python3.12/site-packages/selenium/webdriver/chrome/webdriver.py:45: in __init__
    super().__init__(
venv/lib/python3.12/site-packages/selenium/webdriver/chromium/webdriver.py:50: in __init__
    self.service.start()
venv/lib/python3.12/site-packages/selenium/webdriver/common/service.py:98: in start
    self._start_process(self._path)
venv/lib/python3.12/site-packages/selenium/webdriver/common/service.py:208: in _start_process
    self.process = subprocess.Popen(
/Library/Frameworks/Python.framework/Versions/3.12/lib/python3.12/subprocess.py:1026: in __init__
    self._execute_child(args, executable, preexec_fn, close_fds,
/Library/Frameworks/Python.framework/Versions/3.12/lib/python3.12/subprocess.py:1950: in _execute_child
    raise child_exception_type(errno_num, err_msg, err_filename)
E   OSError: [Errno 8] Exec format error: '/Users/rinkuchoudhary/.wdm/drivers/chromedriver/mac64/146.0.7680.165/chromedriver-mac-arm64/THIRD_PARTY_NOTICES.chromedriver'</error></testcase><testcase classname="tests.test_feedback_form" name="test_tc7_submit_and_reset_buttons" time="0.001"><error message="failed on setup with &quot;OSError: [Errno 8] Exec format error: '/Users/rinkuchoudhary/.wdm/drivers/chromedriver/mac64/146.0.7680.165/chromedriver-mac-arm64/THIRD_PARTY_NOTICES.chromedriver'&quot;">tests/test_feedback_form.py:55: in driver
    drv = webdriver.Chrome(service=service, options=options)
venv/lib/python3.12/site-packages/selenium/webdriver/chrome/webdriver.py:45: in __init__
    super().__init__(
venv/lib/python3.12/site-packages/selenium/webdriver/chromium/webdriver.py:50: in __init__
    self.service.start()
venv/lib/python3.12/site-packages/selenium/webdriver/common/service.py:98: in start
    self._start_process(self._path)
venv/lib/python3.12/site-packages/selenium/webdriver/common/service.py:208: in _start_process
    self.process = subprocess.Popen(
/Library/Frameworks/Python.framework/Versions/3.12/lib/python3.12/subprocess.py:1026: in __init__
    self._execute_child(args, executable, preexec_fn, close_fds,
/Library/Frameworks/Python.framework/Versions/3.12/lib/python3.12/subprocess.py:1950: in _execute_child
    raise child_exception_type(errno_num, err_msg, err_filename)
E   OSError: [Errno 8] Exec format error: '/Users/rinkuchoudhary/.wdm/drivers/chromedriver/mac64/146.0.7680.165/chromedriver-mac-arm64/THIRD_PARTY_NOTICES.chromedriver'</error></testcase></testsuite></testsuites>